Microchip MPLAB XC8 Compiler V2.32

Linker command line:

-W-3 --edf=C:\Program Files\Microchip\xc8\v2.32\pic\dat\en_msgs.txt -cn \
  -h+dist/default/production\pic18f16q41-led-blink.X.production.sym \
  --cmf=dist/default/production\pic18f16q41-led-blink.X.production.cmf -z \
  -Q18F16Q41 -oC:\Users\c65548\AppData\Local\Temp\xcAs8ek.4 \
  --defsym=__MPLAB_BUILD=1 \
  -Mdist/default/production/pic18f16q41-led-blink.X.production.map -E1 \
  -ver=XC8 Compiler --acfsm=1493 -ASTACK=0560h-015FFh -pstack=STACK \
  -ACODE=00h-0FFFFh -ACONST=00h-0FFFFh -ASMALLCONST=01600h-016FFhx234 \
  -AMEDIUMCONST=01600h-0FFFFh -ACOMRAM=0501h-055Fh -AABS1=0500h-015FFh \
  -ABIGRAM=0501h-015FFh -ARAM=0560h-05FFh,0600h-06FFhx16 \
  -ABANK5=0560h-05FFh -ABANK6=0600h-06FFh -ABANK7=0700h-07FFh \
  -ABANK8=0800h-08FFh -ABANK9=0900h-09FFh -ABANK10=0A00h-0AFFh \
  -ABANK11=0B00h-0BFFh -ABANK12=0C00h-0CFFh -ABANK13=0D00h-0DFFh \
  -ABANK14=0E00h-0EFFh -ABANK15=0F00h-0FFFh -ABANK16=01000h-010FFh \
  -ABANK17=01100h-011FFh -ABANK18=01200h-012FFh -ABANK19=01300h-013FFh \
  -ABANK20=01400h-014FFh -ABANK21=01500h-015FFh \
  -ASFR=00h-0FFhx4,0400h-045Fh,0460h-04FFh -ACONFIG=0300000h-0300011h \
  -AIDLOC=0200000h-020001Fh -AEEDATA=0380000h-03801FFh -peeprom_data=EEDATA \
  -preset_vec=00h -ppowerup=CODE,init -pramtop=01600h \
  -psmallconst=SMALLCONST -pmediumconst=MEDIUMCONST -pconst=CONST \
  -AFARRAM=00h-00h \
  -prdata=COMRAM,nvrram=COMRAM,nvbit=COMRAM,rbss=COMRAM,rbit=COMRAM \
  -pfarbss=FARRAM,fardata=FARRAM,nvFARRAM=FARRAM \
  -pintsave_regs=BIGRAM,bigbss=BIGRAM,bigdata=BIGRAM -pbss=RAM \
  -pidata=CODE,irdata=CODE,ibigdata=CODE,ifardata=CODE -prparam=COMRAM \
  C:\Users\c65548\AppData\Local\Temp\xcAs8ek.o \
  dist/default/production\pic18f16q41-led-blink.X.production.o 

Object code version is 3.11

Machine type is 18F16Q41



                Name                               Link     Load   Length Selector   Space Scale
C:\Users\c65548\AppData\Local\Temp\xcAs8ek.o
                idloc                            200000   200000       20        0       5
                config                           300000   300000        A        0       4
                init                               FFFC     FFFC        4     7FFE       0
                reset_vec                             0        0        4        0       0
dist/default/production\pic18f16q41-led-blink.X.production.o
                idloc                            200000   200000       20        0       5
                config                           300000   300000        A        0       4
                text7                              FEEE     FEEE       24     7F77       0
                text6                              FEB8     FEB8        A     7F5C       0
                text5                              FEC2     FEC2        A     7F61       0
                text4                              FECC     FECC        A     7F66       0
                text3                              FF12     FF12       34     7F89       0
                text2                              FF84     FF84       78     7FC2       0
                text1                              FEE0     FEE0        E     7F70       0
                text0                              FF46     FF46       3E     7FA3       0
                cstackCOMRAM                        507      507        3      501       1
                cinit                              FED6     FED6        A     7F6B       0
                nvCOMRAM                            501      501        6      501       1

TOTAL           Name                               Link     Load   Length     Space
        CLASS   STACK          

        CLASS   CODE           
                init                               FFFC     FFFC        4         0
                reset_vec                             0        0        4         0
                text7                              FEEE     FEEE       24         0
                text6                              FEB8     FEB8        A         0
                text5                              FEC2     FEC2        A         0
                text4                              FECC     FECC        A         0
                text3                              FF12     FF12       34         0
                text2                              FF84     FF84       78         0
                text1                              FEE0     FEE0        E         0
                text0                              FF46     FF46       3E         0
                cinit                              FED6     FED6        A         0

        CLASS   CONST          

        CLASS   SMALLCONST     

        CLASS   MEDIUMCONST    

        CLASS   COMRAM         
                cstackCOMRAM                        507      507        3         1
                nvCOMRAM                            501      501        6         1

        CLASS   ABS1           

        CLASS   BIGRAM         

        CLASS   RAM            

        CLASS   BANK5          

        CLASS   BANK6          

        CLASS   BANK7          

        CLASS   BANK8          

        CLASS   BANK9          

        CLASS   BANK10         

        CLASS   BANK11         

        CLASS   BANK12         

        CLASS   BANK13         

        CLASS   BANK14         

        CLASS   BANK15         

        CLASS   BANK16         

        CLASS   BANK17         

        CLASS   BANK18         

        CLASS   BANK19         

        CLASS   BANK20         

        CLASS   BANK21         

        CLASS   SFR            

        CLASS   CONFIG         
                config                           300000   300000        A         4

        CLASS   IDLOC          
                idloc                            200000   200000       20         5

        CLASS   EEDATA         

        CLASS   FARRAM         



SEGMENTS        Name                           Load    Length   Top    Selector   Space  Class

                reset_vec                      000000  000004  000004         0       0  CODE    
                nvCOMRAM                       000501  000009  00050A       501       1  COMRAM  
                text6                          00FEB8  00000A  00FEC2      7F5C       0  CODE    
                text5                          00FEC2  00000A  00FECC      7F61       0  CODE    
                text4                          00FECC  00000A  00FED6      7F66       0  CODE    
                cinit                          00FED6  00000A  00FEE0      7F6B       0  CODE    
                text1                          00FEE0  00000E  00FEEE      7F70       0  CODE    
                text7                          00FEEE  000024  00FF12      7F77       0  CODE    
                text3                          00FF12  000034  00FF46      7F89       0  CODE    
                text0                          00FF46  00003E  00FF84      7FA3       0  CODE    
                text2                          00FF84  000078  00FFFC      7FC2       0  CODE    
                init                           00FFFC  000004  010000      7FFE       0  CODE    


UNUSED ADDRESS RANGES

        Name                Unused          Largest block    Delta
        BANK10           000A00-000AFF              100
        BANK11           000B00-000BFF              100
        BANK12           000C00-000CFF              100
        BANK13           000D00-000DFF              100
        BANK14           000E00-000EFF              100
        BANK15           000F00-000FFF              100
        BANK16           001000-0010FF              100
        BANK17           001100-0011FF              100
        BANK18           001200-0012FF              100
        BANK19           001300-0013FF              100
        BANK20           001400-0014FF              100
        BANK21           001500-0015FF              100
        BANK5            000560-0005FF               A0
        BANK6            000600-0006FF              100
        BANK7            000700-0007FF              100
        BANK8            000800-0008FF              100
        BANK9            000900-0009FF              100
        BIGRAM           00050A-0015FF             10F6
        CODE             000004-00FEB7             FEB4
        COMRAM           00050A-00055F               56
        CONFIG           30000A-300011                8
        CONST            000004-00FEB7             FEB4
        EEDATA           380000-3801FF              200
        MEDIUMCONST      001600-00FEB7             E8B8
        RAM              000560-0015FF              100
        SFR              000000-0004FF              100
        SMALLCONST       001600-00FEB7              100
        STACK            000560-0015FF             10A0

                                  Symbol Table

INT0_SetInterruptHandler@InterruptHandler cstackCOMRAM 000507
INT1_SetInterruptHandler@InterruptHandler cstackCOMRAM 000507
INT2_SetInterruptHandler@InterruptHandler cstackCOMRAM 000507
_ACTCON                                   (abs)        0000AC
_ANSELA                                   (abs)        000400
_ANSELB                                   (abs)        000408
_ANSELC                                   (abs)        000410
_CLOCK_Initialize                         text7        00FEEE
_INLVLA                                   (abs)        000404
_INLVLB                                   (abs)        00040C
_INLVLC                                   (abs)        000414
_INT0_DefaultInterruptHandler             (abs)        000000
_INT0_InterruptHandler                    nvCOMRAM     000505
_INT0_SetInterruptHandler                 text6        00FEB8
_INT1_DefaultInterruptHandler             (abs)        000000
_INT1_InterruptHandler                    nvCOMRAM     000503
_INT1_SetInterruptHandler                 text5        00FEC2
_INT2_DefaultInterruptHandler             (abs)        000000
_INT2_InterruptHandler                    nvCOMRAM     000501
_INT2_SetInterruptHandler                 text4        00FECC
_INTCON0bits                              (abs)        0004D6
_INTERRUPT_Initialize                     text3        00FF12
_IOCAF                                    (abs)        000407
_IOCAN                                    (abs)        000406
_IOCAP                                    (abs)        000405
_IOCBF                                    (abs)        00040F
_IOCBN                                    (abs)        00040E
_IOCBP                                    (abs)        00040D
_IOCCF                                    (abs)        000417
_IOCCN                                    (abs)        000416
_IOCCP                                    (abs)        000415
_LATA                                     (abs)        0004BE
_LATB                                     (abs)        0004BF
_LATC                                     (abs)        0004C0
_LATCbits                                 (abs)        0004C0
_ODCONA                                   (abs)        000402
_ODCONB                                   (abs)        00040A
_ODCONC                                   (abs)        000412
_OSCCON1                                  (abs)        0000AD
_OSCCON2                                  (abs)        0000AE
_OSCCON3                                  (abs)        0000AF
_OSCEN                                    (abs)        0000B3
_OSCFRQ                                   (abs)        0000B1
_OSCSTAT                                  (abs)        0000B2
_OSCTUNE                                  (abs)        0000B0
_PIN_MANAGER_Initialize                   text2        00FF84
_PIR10bits                                (abs)        0004BD
_PIR1bits                                 (abs)        0004B4
_PIR6bits                                 (abs)        0004B9
_SLRCONA                                  (abs)        000403
_SLRCONB                                  (abs)        00040B
_SLRCONC                                  (abs)        000413
_SYSTEM_Initialize                        text1        00FEE0
_TRISA                                    (abs)        0004C6
_TRISB                                    (abs)        0004C7
_TRISC                                    (abs)        0004C8
_WPUA                                     (abs)        000401
_WPUB                                     (abs)        000409
_WPUC                                     (abs)        000411
__HRAM                                    (abs)        000000
__Habs1                                   abs1         000000
__Hbank10                                 bank10       000000
__Hbank11                                 bank11       000000
__Hbank12                                 bank12       000000
__Hbank13                                 bank13       000000
__Hbank14                                 bank14       000000
__Hbank15                                 bank15       000000
__Hbank16                                 bank16       000000
__Hbank17                                 bank17       000000
__Hbank18                                 bank18       000000
__Hbank19                                 bank19       000000
__Hbank20                                 bank20       000000
__Hbank21                                 bank21       000000
__Hbank5                                  bank5        000000
__Hbank6                                  bank6        000000
__Hbank7                                  bank7        000000
__Hbank8                                  bank8        000000
__Hbank9                                  bank9        000000
__Hbigbss                                 bigbss       000000
__Hbigdata                                bigdata      000000
__Hbigram                                 bigram       000000
__Hbss                                    bss          000000
__Hcinit                                  cinit        000000
__Hclrtext                                clrtext      000000
__Hcomram                                 comram       000000
__Hconfig                                 config       30000A
__Hconst                                  const        000000
__HcstackCOMRAM                           cstackCOMRAM 000000
__Hdata                                   data         000000
__Heeprom_data                            eeprom_data  000000
__Hfarbss                                 farbss       000000
__Hfardata                                fardata      000000
__Hibigdata                               ibigdata     000000
__Hidata                                  idata        000000
__Hidloc                                  idloc        200020
__Hifardata                               ifardata     000000
__Hinit                                   init         010000
__Hintsave_regs                           intsave_regs 000000
__Hirdata                                 irdata       000000
__Hmediumconst                            mediumconst  000000
__HnvCOMRAM                               nvCOMRAM     000000
__HnvFARRAM                               nvFARRAM     000000
__Hnvbit                                  nvbit        000000
__Hnvrram                                 nvrram       000000
__Hparam                                  rparam       000000
__Hpowerup                                powerup      000000
__Hram                                    ram          000000
__Hramtop                                 ramtop       001600
__Hrbit                                   rbit         000000
__Hrbss                                   rbss         000000
__Hrdata                                  rdata        000000
__Hreset_vec                              reset_vec    000004
__Hrparam                                 rparam       000000
__Hsfr                                    sfr          000000
__Hsmallconst                             smallconst   000000
__Hspace_0                                (abs)        010000
__Hspace_1                                (abs)        00050A
__Hspace_2                                (abs)        000000
__Hspace_4                                (abs)        60000A
__Hstack                                  stack        000000
__Hstruct                                 struct       000000
__Htemp                                   temp         000000
__Htext                                   text         000000
__Htext0                                  text0        000000
__Htext1                                  text1        000000
__Htext2                                  text2        000000
__Htext3                                  text3        000000
__Htext4                                  text4        000000
__Htext5                                  text5        000000
__Htext6                                  text6        000000
__Htext7                                  text7        000000
__LRAM                                    (abs)        000001
__Labs1                                   abs1         000000
__Lbank10                                 bank10       000000
__Lbank11                                 bank11       000000
__Lbank12                                 bank12       000000
__Lbank13                                 bank13       000000
__Lbank14                                 bank14       000000
__Lbank15                                 bank15       000000
__Lbank16                                 bank16       000000
__Lbank17                                 bank17       000000
__Lbank18                                 bank18       000000
__Lbank19                                 bank19       000000
__Lbank20                                 bank20       000000
__Lbank21                                 bank21       000000
__Lbank5                                  bank5        000000
__Lbank6                                  bank6        000000
__Lbank7                                  bank7        000000
__Lbank8                                  bank8        000000
__Lbank9                                  bank9        000000
__Lbigbss                                 bigbss       000000
__Lbigdata                                bigdata      000000
__Lbigram                                 bigram       000000
__Lbss                                    bss          000000
__Lcinit                                  cinit        000000
__Lclrtext                                clrtext      000000
__Lcomram                                 comram       000000
__Lconfig                                 config       000000
__Lconst                                  const        000000
__LcstackCOMRAM                           cstackCOMRAM 000000
__Ldata                                   data         000000
__Leeprom_data                            eeprom_data  000000
__Lfarbss                                 farbss       000000
__Lfardata                                fardata      000000
__Libigdata                               ibigdata     000000
__Lidata                                  idata        000000
__Lidloc                                  idloc        000000
__Lifardata                               ifardata     000000
__Linit                                   init         00FFFC
__Lintsave_regs                           intsave_regs 000000
__Lirdata                                 irdata       000000
__Lmediumconst                            mediumconst  000000
__LnvCOMRAM                               nvCOMRAM     000000
__LnvFARRAM                               nvFARRAM     000000
__Lnvbit                                  nvbit        000000
__Lnvrram                                 nvrram       000000
__Lparam                                  rparam       000000
__Lpowerup                                powerup      000000
__Lram                                    ram          000000
__Lramtop                                 ramtop       001600
__Lrbit                                   rbit         000000
__Lrbss                                   rbss         000000
__Lrdata                                  rdata        000000
__Lreset_vec                              reset_vec    000000
__Lrparam                                 rparam       000000
__Lsfr                                    sfr          000000
__Lsmallconst                             smallconst   000000
__Lspace_0                                (abs)        000000
__Lspace_1                                (abs)        000000
__Lspace_2                                (abs)        000000
__Lspace_4                                (abs)        000000
__Lstack                                  stack        000000
__Lstruct                                 struct       000000
__Ltemp                                   temp         000000
__Ltext                                   text         000000
__Ltext0                                  text0        000000
__Ltext1                                  text1        000000
__Ltext2                                  text2        000000
__Ltext3                                  text3        000000
__Ltext4                                  text4        000000
__Ltext5                                  text5        000000
__Ltext6                                  text6        000000
__Ltext7                                  text7        000000
__S0                                      (abs)        010000
__S1                                      (abs)        00050A
__S2                                      (abs)        000000
__S4                                      (abs)        000000
__S5                                      (abs)        000000
___inthi_sp                               stack        000000
___intlo_sp                               stack        000000
___param_bank                             (abs)        000000
___rparam_used                            (abs)        000001
___sp                                     stack        000000
__accesstop                               (abs)        000560
__activetblptr                            (abs)        000002
__end_of_CLOCK_Initialize                 text7        00FF12
__end_of_INT0_SetInterruptHandler         text6        00FEC2
__end_of_INT1_SetInterruptHandler         text5        00FECC
__end_of_INT2_SetInterruptHandler         text4        00FED6
__end_of_INTERRUPT_Initialize             text3        00FF46
__end_of_PIN_MANAGER_Initialize           text2        00FFFC
__end_of_SYSTEM_Initialize                text1        00FEEE
__end_of__initialization                  cinit        00FED6
__end_of_main                             text0        00FF84
__initialization                          cinit        00FED6
__mediumconst                             mediumconst  000000
__pcinit                                  cinit        00FED6
__pcstackCOMRAM                           cstackCOMRAM 000507
__pnvCOMRAM                               nvCOMRAM     000501
__ptext0                                  text0        00FF46
__ptext1                                  text1        00FEE0
__ptext2                                  text2        00FF84
__ptext3                                  text3        00FF12
__ptext4                                  text4        00FECC
__ptext5                                  text5        00FEC2
__ptext6                                  text6        00FEB8
__ptext7                                  text7        00FEEE
__ramtop                                  ramtop       001600
__size_of_CLOCK_Initialize                (abs)        000000
__size_of_INT0_SetInterruptHandler        (abs)        000000
__size_of_INT1_SetInterruptHandler        (abs)        000000
__size_of_INT2_SetInterruptHandler        (abs)        000000
__size_of_INTERRUPT_Initialize            (abs)        000000
__size_of_PIN_MANAGER_Initialize          (abs)        000000
__size_of_SYSTEM_Initialize               (abs)        000000
__size_of_main                            (abs)        000000
__smallconst                              smallconst   000000
_main                                     text0        00FF46
end_of_initialization                     cinit        00FED6
intlevel0                                 text         000000
intlevel1                                 text         000000
intlevel2                                 text         000000
intlevel3                                 text         000000
isa$std                                   (abs)        000001
isa$xinst                                 (abs)        000000
stackhi                                   (abs)        0015FF
stacklo                                   (abs)        000560
start                                     init         00FFFC
start_initialization                      cinit        00FED6


MODULE INFORMATION

Module		Function		Class		Link	Load	Size
mcc_generated_files/system/src/interrupt.c
		_INT0_SetInterruptHandler		CODE           	FEB8	0000	10
		_INT1_SetInterruptHandler		CODE           	FEC2	0000	10
		_INT2_SetInterruptHandler		CODE           	FECC	0000	10
		_INTERRUPT_Initialize		CODE           	FF12	0000	52

mcc_generated_files/system/src/interrupt.c estimated size: 82

mcc_generated_files/system/src/pins.c
		_PIN_MANAGER_Initialize		CODE           	FF84	0000	120

mcc_generated_files/system/src/pins.c estimated size: 120

shared
		__initialization		CODE           	FED6	0000	1

shared estimated size: 1

mcc_generated_files/system/src/clock.c
		_CLOCK_Initialize		CODE           	FEEE	0000	36

mcc_generated_files/system/src/clock.c estimated size: 36

main.c
		_main          		CODE           	FF46	0000	62

main.c estimated size: 62

mcc_generated_files/system/src/system.c
		_SYSTEM_Initialize		CODE           	FEE0	0000	14

mcc_generated_files/system/src/system.c estimated size: 14

